{
    "Should run without failures": {
        "content": [
            {
                "0": [
                    [
                        "test1.txt:md5,d41d8cd98f00b204e9800998ecf8427e",
                        "test2.txt:md5,d41d8cd98f00b204e9800998ecf8427e"
                    ]
                ],
                "outfolder": [
                    [
                        "test1.txt:md5,d41d8cd98f00b204e9800998ecf8427e",
                        "test2.txt:md5,d41d8cd98f00b204e9800998ecf8427e"
                    ]
                ]
            }
        ],
        "timestamp": "2023-08-04T15:17:57+0000"
    }
}