{
    "Should run without failures": {
        "content": [
            {
                "0": [
                    "out.txt:md5,9f9f90dbe3e5ee1218c86b8839db1995"
                ],
                "outfile": [
                    "out.txt:md5,9f9f90dbe3e5ee1218c86b8839db1995"
                ]
            }
        ],
        "timestamp": "2023-07-20T10:49:46+0000"
    }
}