{
    "Should run without failures": {
        "content": [
            {
                
            }
        ],
        "timestamp": "2023-07-20T10:50:08+0000"
    }
}