{
    "Should run without failures": {
        "content": [
            {
                "0": [
                    "test.txt:md5,d41d8cd98f00b204e9800998ecf8427e"
                ]
            }
        ],
        "timestamp": "2023-08-04T14:56:30+0000"
    }
}