{
    "Should run without failures": {
        "content": [
            {
                
            }
        ],
        "timestamp": "2023-08-04T15:05:45+0000"
    }
}